Command: D:\Espressif\python_env\idf5.5_py3.11_env\Scripts\python.exe D:\Espressif\frameworks\esp-idf-v5.5.1\tools/idf_monitor.py -p COM9 -b 115200 --toolchain-prefix xtensa-esp32-elf- --target esp32 --revision 0 C:\Users\Ken\OneDrive\Desktop\esp32_mqtt_releases\examp\ota\build\simple_ota.elf C:\Users\Ken\OneDrive\Desktop\esp32_mqtt_releases\examp\ota\build\bootloader\bootloader.elf --force-color -m 'D:\Espressif\python_env\idf5.5_py3.11_env\Scripts\python.exe' 'D:\Espressif\frameworks\esp-idf-v5.5.1\tools\idf.py' '-p' 'COM9'
ets Julï¿½ets Jul 29 2019 12:21:46

rst:0x1 (POWERON_RESET),boot:0x13 (SPI_FAST_FLASH_BOOT)
configsip: 0, SPIWP:0xee
clk_drv:0x00,q_drv:0x00,d_drv:0x00,cs0_drv:0x00,hd_drv:0x00,wp_drv:0x00
mode:DIO, clock div:2
load:0x3fff0030,len:6380
ho 0 tail 12 room 4
load:0x40078000,len:15916
load:0x40080400,len:3860
entry 0x40080638
[0;32mI (29) boot: ESP-IDF v5.5.1 2nd stage bootloader[0m
[0;32mI (29) boot: compile time Nov 30 2025 04:18:15[0m
[0;32mI (29) boot: Multicore bootloader[0m
[0;32mI (31) boot: chip revision: v3.1[0m
[0;32mI (33) boot.esp32: SPI Speed      : 40MHz[0m
[0;32mI (37) boot.esp32: SPI Mode       : DIO[0m
[0;32mI (41) boot.esp32: SPI Flash Size : 4MB[0m
[0;32mI (44) boot: Enabling RNG early entropy source...[0m
[0;32mI (49) boot: Partition Table:[0m
[0;32mI (51) boot: ## Label            Usage          Type ST Offset   Length[0m
[0;32mI (58) boot:  0 nvs              WiFi data        01 02 00009000 00006000[0m
[0;32mI (64) boot:  1 otadata          OTA data         01 00 0000f000 00002000[0m
[0;32mI (71) boot:  2 phy_init         RF data          01 01 00011000 00001000[0m
[0;32mI (77) boot:  3 ota_0            OTA app          00 10 00020000 001a9000[0m
[0;32mI (84) boot:  4 ota_1            OTA app          00 11 001d0000 001a9000[0m
[0;32mI (90) boot: End of partition table[0m
[0;32mI (94) esp_image: segment 0: paddr=00020020 vaddr=3f400020 size=24684h (149124) map[0m
[0;32mI (152) esp_image: segment 1: paddr=000446ac vaddr=3ffb0000 size=03efch ( 16124) load[0m
[0;32mI (158) esp_image: segment 2: paddr=000485b0 vaddr=40080000 size=07a68h ( 31336) load[0m
[0;32mI (171) esp_image: segment 3: paddr=00050020 vaddr=400d0020 size=a3684h (669316) map[0m
[0;32mI (400) esp_image: segment 4: paddr=000f36ac vaddr=40087a68 size=103a4h ( 66468) load[0m
[0;32mI (426) esp_image: segment 5: paddr=00103a58 vaddr=50000000 size=00020h (    32) load[0m
[0;32mI (438) boot: Loaded app from partition at offset 0x20000[0m
[0;32mI (438) boot: Disabling RNG early entropy source...[0m
[0;32mI (448) cpu_start: Multicore app[0m
[0;32mI (457) cpu_start: Pro cpu start user code[0m
[0;32mI (457) cpu_start: cpu freq: 160000000 Hz[0m
[0;32mI (457) app_init: Application information:[0m
[0;32mI (457) app_init: Project name:     simple_ota[0m
[0;32mI (461) app_init: App version:      15[0m
[0;32mI (464) app_init: Compile time:     Nov 30 2025 04:23:52[0m
[0;32mI (469) app_init: ELF file SHA256:  021230ca3...[0m
[0;32mI (474) app_init: ESP-IDF:          v5.5.1[0m
[0;32mI (478) efuse_init: Min chip rev:     v0.0[0m
[0;32mI (481) efuse_init: Max chip rev:     v3.99 [0m
[0;32mI (485) efuse_init: Chip rev:         v3.1[0m
[0;32mI (489) heap_init: Initializing. RAM available for dynamic allocation:[0m
[0;32mI (496) heap_init: At 3FFAE6E0 len 00001920 (6 KiB): DRAM[0m
[0;32mI (501) heap_init: At 3FFB85E0 len 00027A20 (158 KiB): DRAM[0m
[0;32mI (506) heap_init: At 3FFE0440 len 00003AE0 (14 KiB): D/IRAM[0m
[0;32mI (511) heap_init: At 3FFE4350 len 0001BCB0 (111 KiB): D/IRAM[0m
[0;32mI (517) heap_init: At 40097E0C len 000081F4 (32 KiB): IRAM[0m
[0;32mI (523) spi_flash: detected chip: generic[0m
[0;32mI (526) spi_flash: flash io: dio[0m
[0;32mI (530) main_task: Started on CPU0[0m
[0;32mI (540) main_task: Calling app_main()[0m
[0;32mI (540) simple_ota_example: OTA example app_main start[0m
[0;32mI (580) simple_ota_example: SHA-256 for bootloader:  8a8ba6b3e57dd46d81493d4c0b5d602036e738049d4ecf54efb30d426eadc932[0m
[0;32mI (820) simple_ota_example: SHA-256 for current firmware:  6645bc44087911cd26b9424bd25e9c3179206681332f15ca0a6da1590843ad0e[0m
[0;32mI (830) example_connect: Start example_connect.[0m
[0;32mI (840) wifi:wifi driver task: 3ffc040c, prio:23, stack:6656, core=0[0m
[0;32mI (850) wifi:wifi firmware version: 14da9b7[0m
[0;32mI (850) wifi:wifi certification version: v7.0[0m
[0;32mI (850) wifi:config NVS flash: enabled[0m
[0;32mI (850) wifi:config nano formatting: disabled[0m
[0;32mI (860) wifi:Init data frame dynamic rx buffer num: 32[0m
[0;32mI (860) wifi:Init static rx mgmt buffer num: 5[0m
[0;32mI (870) wifi:Init management short buffer num: 32[0m
[0;32mI (870) wifi:Init dynamic tx buffer num: 32[0m
[0;32mI (880) wifi:Init static rx buffer size: 1600[0m
[0;32mI (880) wifi:Init static rx buffer num: 10[0m
[0;32mI (880) wifi:Init dynamic rx buffer num: 32[0m
[0;32mI (890) wifi_init: rx ba win: 6[0m
[0;32mI (890) wifi_init: accept mbox: 6[0m
[0;32mI (890) wifi_init: tcpip mbox: 32[0m
[0;32mI (900) wifi_init: udp mbox: 6[0m
[0;32mI (900) wifi_init: tcp mbox: 6[0m
[0;32mI (900) wifi_init: tcp tx win: 5760[0m
[0;32mI (910) wifi_init: tcp rx win: 5760[0m
[0;32mI (910) wifi_init: tcp mss: 1440[0m
[0;32mI (910) wifi_init: WiFi IRAM OP enabled[0m
[0;32mI (920) wifi_init: WiFi RX IRAM OP enabled[0m
[0;32mI (920) phy_init: phy_version 4861,b71b5ad,Aug  5 2025,11:16:06[0m
[0;32mI (1010) phy_init: Saving new calibration data due to checksum failure or outdated calibration data, mode(0)[0m
[0;32mI (1100) wifi:mode : sta (10:06:1c:86:6b:d8)[0m
[0;32mI (1100) wifi:enable tsf[0m
[0;32mI (1110) example_connect: Connecting to Hap lite...[0m
[0;33mW (1110) wifi:Password length matches WPA2 standards, authmode threshold changes from OPEN to WPA2[0m
[0;32mI (1120) example_connect: Waiting for IP(s)[0m
[0;32mI (3530) wifi:new:<1,1>, old:<1,0>, ap:<255,255>, sta:<1,1>, prof:1, snd_ch_cfg:0x0[0m
[0;32mI (3530) wifi:state: init -> auth (0xb0)[0m
[0;32mI (3530) wifi:state: auth -> assoc (0x0)[0m
[0;32mI (3540) wifi:state: assoc -> run (0x10)[0m
[0;32mI (3550) wifi:connected with Hap lite, aid = 6, channel 1, 40U, bssid = 18:fd:74:4b:c4:a9[0m
[0;32mI (3550) wifi:security: WPA2-PSK, phy: bgn, rssi: -61[0m
[0;32mI (3550) wifi:pm start, type: 1[0m

[0;32mI (3560) wifi:dp: 1, bi: 102400, li: 3, scale listen interval from 307200 us to 307200 us[0m
[0;32mI (3580) wifi:<ba-add>idx:0 (ifx:0, 18:fd:74:4b:c4:a9), tid:0, ssn:3, winSize:64[0m
[0;32mI (3610) wifi:AP's beacon interval = 102400 us, DTIM period = 1[0m
[0;32mI (4580) esp_netif_handlers: example_netif_sta ip: 192.168.1.210, mask: 255.255.255.0, gw: 192.168.1.1[0m
[0;32mI (4580) example_connect: Got IPv4 event: Interface "example_netif_sta" address: 192.168.1.210[0m
[0;32mI (4830) example_connect: Got IPv6 event: Interface "example_netif_sta" address: fe80:0000:0000:0000:1206:1cff:fe86:6bd8, type: ESP_IP6_ADDR_IS_LINK_LOCAL[0m
[0;32mI (4830) example_common: Connected to example_netif_sta[0m
[0;32mI (4840) example_common: - IPv4 address: 192.168.1.210,[0m
[0;32mI (4840) example_common: - IPv6 address: fe80:0000:0000:0000:1206:1cff:fe86:6bd8, type: ESP_IP6_ADDR_IS_LINK_LOCAL[0m
[0;32mI (4850) wifi:Set ps type: 0, coexist: 0[0m

[0;32mI (4850) simple_ota_example: Starting OTA example task[0m
[0;32mI (4860) simple_ota_example: Attempting to download update from https://github.com/kenkit/esp32_mqtt_releases/releases/download/v1.0.4/firmware-v1.0.4.bin[0m
[0;32mI (4880) main_task: Returned from app_main()[0m
[0;32mI (6260) esp-x509-crt-bundle: Certificate validated[0m
[0;32mI (7710) esp-x509-crt-bundle: Certificate validated[0m
[1;31mE (9350) HTTP_CLIENT: Out of buffer[0m
[1;31mE (9350) esp_https_ota: Failed to open HTTP connection: ESP_FAIL[0m
[1;31mE (9350) esp_https_ota: Failed to establish HTTP connection[0m
[1;31mE (9360) simple_ota_example: Firmware upgrade failed[0m
